../Core/Src/main.c:84:5:main	8	static
../Core/Src/main.c:136:6:SystemClock_Config	88	static
../Core/Src/main.c:183:13:MX_ADC1_Init	56	static
../Core/Src/main.c:251:13:MX_ADC2_Init	40	static
../Core/Src/main.c:310:13:MX_ADC3_Init	56	static
../Core/Src/main.c:378:13:MX_ADC4_Init	40	static
../Core/Src/main.c:437:13:MX_DAC1_Init	56	static
../Core/Src/main.c:484:13:MX_TIM2_Init	40	static
../Core/Src/main.c:530:13:MX_UART5_Init	8	static
../Core/Src/main.c:578:13:MX_USB_PCD_Init	8	static
../Core/Src/main.c:611:13:MX_GPIO_Init	48	static
../Core/Src/main.c:672:6:Error_Handler	4	static,ignoring_inline_asm
