../Core/Inc/usbsetup.hpp:14:2:Usb_Setup::Usb_Setup(PCD_HandleTypeDef*)	16	static
../Core/Inc/usblib.hpp:20:2:Usb_Com::Usb_Com(PCD_HandleTypeDef*)	16	static
../Core/Inc/usbsetup.hpp:62:4:Usb_Setup::DeviceDescriptor::DeviceDescriptor()	16	static
../Core/Src/run.cpp:20:6:void ProcessSetup(PCD_HandleTypeDef*)	24	static
../Core/Src/run.cpp:45:6:void Usb_Send(PCD_HandleTypeDef*, uint8_t)	16	static
../Core/Src/run.cpp:49:6:void Usb_Receive(PCD_HandleTypeDef*, uint8_t)	16	static
../Core/Src/run.cpp:53:6:void run()	16	static
../Core/Src/run.cpp:72:1:void __static_initialization_and_destruction_0()	8	static
../Core/Src/run.cpp:72:1:cpp)	8	static
