../Core/Inc/usblib.hpp:18:2:Usb_Com::Usb_Com(PCD_HandleTypeDef*)	16	static
../Core/Inc/usbsetup.hpp:14:2:Usb_Setup::Usb_Setup(PCD_HandleTypeDef*)	16	static
../Core/Inc/usbsetup.hpp:68:4:Usb_Setup::DeviceDescriptor::DeviceDescriptor()	16	static
../Core/Src/run.cpp:29:6:void ProcessSetup(PCD_HandleTypeDef*)	32	static
../Core/Src/run.cpp:77:6:void Usb_Transmitted(PCD_HandleTypeDef*, uint8_t)	16	static
../Core/Src/run.cpp:81:6:void Usb_Received(PCD_HandleTypeDef*, uint8_t)	16	static
../Core/Src/run.cpp:85:6:void ProcessEndOfSample(ADC_HandleTypeDef*)	16	static
../Core/Src/run.cpp:89:6:void SquareWaveInit()	40	static
../Core/Src/run.cpp:102:6:void SineWaveInit()	32	static
../Core/Src/run.cpp:113:6:void CheckSquareVal(TIM_HandleTypeDef*)	24	static
../Core/Src/run.cpp:144:6:void CheckSineVal(TIM_HandleTypeDef*)	16	static
../Core/Src/run.cpp:148:17:void run()	8	static,ignoring_inline_asm
../Core/Src/run.cpp:202:1:void __static_initialization_and_destruction_0()	8	static
../Core/Src/run.cpp:202:1:cpp)	8	static
